C:\Users\user\OneDrive\سطح المكتب\Folders\JUST semseter\Web Engineering\Project\Application\TicketSystem\src\main\java\com\mycompany\ticketsystem\resources\JakartaEE10Resource.java
C:\Users\user\OneDrive\سطح المكتب\Folders\JUST semseter\Web Engineering\Project\Application\TicketSystem\src\main\java\DAO\UserDAO.java
C:\Users\user\OneDrive\سطح المكتب\Folders\JUST semseter\Web Engineering\Project\Application\TicketSystem\src\main\java\DAO\TicketDAO.java
C:\Users\user\OneDrive\سطح المكتب\Folders\JUST semseter\Web Engineering\Project\Application\TicketSystem\src\main\java\controller\AdminController.java
C:\Users\user\OneDrive\سطح المكتب\Folders\JUST semseter\Web Engineering\Project\Application\TicketSystem\src\main\java\DAO\FareRuleDAO.java
C:\Users\user\OneDrive\سطح المكتب\Folders\JUST semseter\Web Engineering\Project\Application\TicketSystem\src\main\java\controller\TripController.java
C:\Users\user\OneDrive\سطح المكتب\Folders\JUST semseter\Web Engineering\Project\Application\TicketSystem\src\main\java\Models\FareStrategy.java
C:\Users\user\OneDrive\سطح المكتب\Folders\JUST semseter\Web Engineering\Project\Application\TicketSystem\src\main\java\DAO\TicketPurchaseDAO.java
C:\Users\user\OneDrive\سطح المكتب\Folders\JUST semseter\Web Engineering\Project\Application\TicketSystem\src\main\java\Models\RegularFareStrategy.java
C:\Users\user\OneDrive\سطح المكتب\Folders\JUST semseter\Web Engineering\Project\Application\TicketSystem\src\main\java\controller\TicketController.java
C:\Users\user\OneDrive\سطح المكتب\Folders\JUST semseter\Web Engineering\Project\Application\TicketSystem\src\main\java\Models\FareCalculator.java
C:\Users\user\OneDrive\سطح المكتب\Folders\JUST semseter\Web Engineering\Project\Application\TicketSystem\src\main\java\controller\UserController.java
C:\Users\user\OneDrive\سطح المكتب\Folders\JUST semseter\Web Engineering\Project\Application\TicketSystem\src\main\java\Models\ReportRow.java
C:\Users\user\OneDrive\سطح المكتب\Folders\JUST semseter\Web Engineering\Project\Application\TicketSystem\src\main\java\Models\FareRule.java
C:\Users\user\OneDrive\سطح المكتب\Folders\JUST semseter\Web Engineering\Project\Application\TicketSystem\src\main\java\Models\StudentFareStrategy.java
C:\Users\user\OneDrive\سطح المكتب\Folders\JUST semseter\Web Engineering\Project\Application\TicketSystem\src\main\java\Models\Trip.java
C:\Users\user\OneDrive\سطح المكتب\Folders\JUST semseter\Web Engineering\Project\Application\TicketSystem\src\main\java\Models\EveningFareStrategy.java
C:\Users\user\OneDrive\سطح المكتب\Folders\JUST semseter\Web Engineering\Project\Application\TicketSystem\src\main\java\controller\PurchaseController.java
C:\Users\user\OneDrive\سطح المكتب\Folders\JUST semseter\Web Engineering\Project\Application\TicketSystem\src\main\java\DAO\ReportDAO.java
C:\Users\user\OneDrive\سطح المكتب\Folders\JUST semseter\Web Engineering\Project\Application\TicketSystem\src\main\java\Models\TicketFactory.java
C:\Users\user\OneDrive\سطح المكتب\Folders\JUST semseter\Web Engineering\Project\Application\TicketSystem\src\main\java\Models\Ticket.java
C:\Users\user\OneDrive\سطح المكتب\Folders\JUST semseter\Web Engineering\Project\Application\TicketSystem\src\main\java\DAO\TripDAO.java
C:\Users\user\OneDrive\سطح المكتب\Folders\JUST semseter\Web Engineering\Project\Application\TicketSystem\src\main\java\Models\FareConfig.java
C:\Users\user\OneDrive\سطح المكتب\Folders\JUST semseter\Web Engineering\Project\Application\TicketSystem\src\main\java\Models\User.java
C:\Users\user\OneDrive\سطح المكتب\Folders\JUST semseter\Web Engineering\Project\Application\TicketSystem\src\main\java\controller\HomeController.java
C:\Users\user\OneDrive\سطح المكتب\Folders\JUST semseter\Web Engineering\Project\Application\TicketSystem\src\main\java\Models\TicketPurchase.java
C:\Users\user\OneDrive\سطح المكتب\Folders\JUST semseter\Web Engineering\Project\Application\TicketSystem\src\main\java\Models\SeniorFareStrategy.java
C:\Users\user\OneDrive\سطح المكتب\Folders\JUST semseter\Web Engineering\Project\Application\TicketSystem\src\main\java\controller\FareEstimationController.java
C:\Users\user\OneDrive\سطح المكتب\Folders\JUST semseter\Web Engineering\Project\Application\TicketSystem\src\main\java\com\mycompany\ticketsystem\JakartaRestConfiguration.java
C:\Users\user\OneDrive\سطح المكتب\Folders\JUST semseter\Web Engineering\Project\Application\TicketSystem\src\main\java\DAO\DBConnectionManager.java
